#! /usr/bin/vvp
:ivl_version "12.0 (stable)";
:ivl_delay_selection "TYPICAL";
:vpi_time_precision - 12;
:vpi_module "/usr/lib/x86_64-linux-gnu/ivl/system.vpi";
:vpi_module "/usr/lib/x86_64-linux-gnu/ivl/vhdl_sys.vpi";
:vpi_module "/usr/lib/x86_64-linux-gnu/ivl/vhdl_textio.vpi";
:vpi_module "/usr/lib/x86_64-linux-gnu/ivl/v2005_math.vpi";
:vpi_module "/usr/lib/x86_64-linux-gnu/ivl/va_math.vpi";
S_0x6452e11b41d0 .scope module, "tb_angle_interpolator_realtime" "tb_angle_interpolator_realtime" 2 67;
 .timescale -9 -12;
P_0x6452e11b1d30 .param/l "TOOTH_PERIOD" 0 2 83, +C4<00000000000000011001010000011000>;
v0x6452e11d1830_0 .var/real "angle_deg", 0 0;
v0x6452e11d1910_0 .net "angle_valid", 0 0, v0x6452e11a4940_0;  1 drivers
v0x6452e11d19d0_0 .var "clk", 0 0;
v0x6452e11d1ad0_0 .var/i "i", 31 0;
v0x6452e11d1b70_0 .net "interpolated_angle", 15 0, v0x6452e11d1180_0;  1 drivers
v0x6452e11d1c10_0 .var "position_valid", 0 0;
v0x6452e11d1ce0_0 .var "rst", 0 0;
v0x6452e11d1db0_0 .var "time_since_tooth", 31 0;
v0x6452e11d1e80_0 .var "tooth_number", 15 0;
v0x6452e11d1f50_0 .var "tooth_period", 31 0;
E_0x6452e11b0c80 .event anyedge, v0x6452e11d1440_0;
S_0x6452e11b43b0 .scope module, "dut" "angle_interpolator" 2 90, 3 40 0, S_0x6452e11b41d0;
 .timescale 0 0;
    .port_info 0 /INPUT 1 "clk";
    .port_info 1 /INPUT 1 "rst";
    .port_info 2 /INPUT 16 "tooth_number";
    .port_info 3 /INPUT 32 "tooth_period";
    .port_info 4 /INPUT 32 "time_since_tooth";
    .port_info 5 /INPUT 1 "position_valid";
    .port_info 6 /OUTPUT 16 "interpolated_angle";
    .port_info 7 /OUTPUT 1 "angle_valid";
P_0x6452e11a51a0 .param/l "ANGLE_BITS" 0 3 41, +C4<00000000000000000000000000010000>;
P_0x6452e11a51e0 .param/l "ANGLE_PER_TOOTH" 0 3 43, +C4<00000000000000000000010001000100>;
P_0x6452e11a5220 .param/l "TIME_BITS" 0 3 42, +C4<00000000000000000000000000100000>;
v0x6452e11a4940_0 .var "angle_valid", 0 0;
v0x6452e11d10c0_0 .net "clk", 0 0, v0x6452e11d19d0_0;  1 drivers
v0x6452e11d1180_0 .var "interpolated_angle", 15 0;
v0x6452e11d1270_0 .net "position_valid", 0 0, v0x6452e11d1c10_0;  1 drivers
v0x6452e11d1330_0 .net "rst", 0 0, v0x6452e11d1ce0_0;  1 drivers
v0x6452e11d1440_0 .net "time_since_tooth", 31 0, v0x6452e11d1db0_0;  1 drivers
v0x6452e11d1520_0 .net "tooth_number", 15 0, v0x6452e11d1e80_0;  1 drivers
v0x6452e11d1600_0 .net "tooth_period", 31 0, v0x6452e11d1f50_0;  1 drivers
E_0x6452e11afb90 .event posedge, v0x6452e11d10c0_0;
    .scope S_0x6452e11b43b0;
T_0 ;
    %wait E_0x6452e11afb90;
    %load/vec4 v0x6452e11d1330_0;
    %flag_set/vec4 8;
    %jmp/0xz  T_0.0, 8;
    %pushi/vec4 0, 0, 16;
    %assign/vec4 v0x6452e11d1180_0, 0;
    %pushi/vec4 0, 0, 1;
    %assign/vec4 v0x6452e11a4940_0, 0;
    %jmp T_0.1;
T_0.0 ;
    %pushi/vec4 0, 0, 1;
    %assign/vec4 v0x6452e11a4940_0, 0;
    %load/vec4 v0x6452e11d1270_0;
    %flag_set/vec4 8;
    %jmp/0xz  T_0.2, 8;
    %load/vec4 v0x6452e11d1600_0;
    %cmpi/ne 0, 0, 32;
    %jmp/0xz  T_0.4, 4;
    %load/vec4 v0x6452e11d1520_0;
    %pad/u 32;
    %muli 1092, 0, 32;
    %load/vec4 v0x6452e11d1440_0;
    %muli 1092, 0, 32;
    %load/vec4 v0x6452e11d1600_0;
    %div;
    %add;
    %pad/u 16;
    %assign/vec4 v0x6452e11d1180_0, 0;
    %jmp T_0.5;
T_0.4 ;
    %pushi/vec4 0, 0, 16;
    %assign/vec4 v0x6452e11d1180_0, 0;
T_0.5 ;
    %pushi/vec4 1, 0, 1;
    %assign/vec4 v0x6452e11a4940_0, 0;
T_0.2 ;
T_0.1 ;
    %jmp T_0;
    .thread T_0;
    .scope S_0x6452e11b41d0;
T_1 ;
    %delay 10000, 0;
    %load/vec4 v0x6452e11d19d0_0;
    %inv;
    %store/vec4 v0x6452e11d19d0_0, 0, 1;
    %jmp T_1;
    .thread T_1;
    .scope S_0x6452e11b41d0;
T_2 ;
    %wait E_0x6452e11afb90;
    %load/vec4 v0x6452e11d1ce0_0;
    %flag_set/vec4 8;
    %jmp/0xz  T_2.0, 8;
    %pushi/vec4 0, 0, 32;
    %assign/vec4 v0x6452e11d1db0_0, 0;
    %jmp T_2.1;
T_2.0 ;
    %load/vec4 v0x6452e11d1c10_0;
    %flag_set/vec4 8;
    %jmp/0xz  T_2.2, 8;
    %load/vec4 v0x6452e11d1db0_0;
    %cmpi/u 103448, 0, 32;
    %jmp/0xz  T_2.4, 5;
    %load/vec4 v0x6452e11d1db0_0;
    %addi 1, 0, 32;
    %assign/vec4 v0x6452e11d1db0_0, 0;
    %jmp T_2.5;
T_2.4 ;
    %pushi/vec4 0, 0, 32;
    %assign/vec4 v0x6452e11d1db0_0, 0;
T_2.5 ;
T_2.2 ;
T_2.1 ;
    %jmp T_2;
    .thread T_2;
    .scope S_0x6452e11b41d0;
T_3 ;
    %vpi_call 2 127 "$dumpfile", "angle_interpolator_realtime.vcd" {0 0 0};
    %vpi_call 2 128 "$dumpvars", 32'sb00000000000000000000000000000000, S_0x6452e11b41d0 {0 0 0};
    %pushi/vec4 0, 0, 1;
    %store/vec4 v0x6452e11d19d0_0, 0, 1;
    %pushi/vec4 1, 0, 1;
    %store/vec4 v0x6452e11d1ce0_0, 0, 1;
    %pushi/vec4 0, 0, 16;
    %store/vec4 v0x6452e11d1e80_0, 0, 16;
    %pushi/vec4 103448, 0, 32;
    %store/vec4 v0x6452e11d1f50_0, 0, 32;
    %pushi/vec4 0, 0, 32;
    %store/vec4 v0x6452e11d1db0_0, 0, 32;
    %pushi/vec4 0, 0, 1;
    %store/vec4 v0x6452e11d1c10_0, 0, 1;
    %delay 50000, 0;
    %pushi/vec4 0, 0, 1;
    %store/vec4 v0x6452e11d1ce0_0, 0, 1;
    %pushi/vec4 1, 0, 1;
    %store/vec4 v0x6452e11d1c10_0, 0, 1;
    %pushi/vec4 0, 0, 32;
    %store/vec4 v0x6452e11d1ad0_0, 0, 32;
T_3.0 ;
    %load/vec4 v0x6452e11d1ad0_0;
    %cmpi/s 3, 0, 32;
    %jmp/0xz T_3.1, 5;
T_3.2 ;
    %load/vec4 v0x6452e11d1db0_0;
    %pushi/vec4 103448, 0, 32;
    %cmp/e;
    %flag_get/vec4 4;
    %cmpi/ne 1, 0, 1;
    %jmp/0xz T_3.3, 6;
    %wait E_0x6452e11b0c80;
    %jmp T_3.2;
T_3.3 ;
    %load/vec4 v0x6452e11d1e80_0;
    %addi 1, 0, 16;
    %store/vec4 v0x6452e11d1e80_0, 0, 16;
    %pushi/vec4 0, 0, 32;
    %store/vec4 v0x6452e11d1db0_0, 0, 32;
    %load/vec4 v0x6452e11d1ad0_0;
    %addi 1, 0, 32;
    %store/vec4 v0x6452e11d1ad0_0, 0, 32;
    %jmp T_3.0;
T_3.1 ;
    %pushi/vec4 0, 0, 1;
    %store/vec4 v0x6452e11d1c10_0, 0, 1;
    %delay 100000, 0;
    %vpi_call 2 164 "$finish" {0 0 0};
    %end;
    .thread T_3;
    .scope S_0x6452e11b41d0;
T_4 ;
    %wait E_0x6452e11afb90;
    %load/vec4 v0x6452e11d1910_0;
    %flag_set/vec4 8;
    %jmp/0xz  T_4.0, 8;
    %load/vec4 v0x6452e11d1b70_0;
    %cvt/rv;
    %pushi/real 1509949440, 4074; load=360.000
    %mul/wr;
    %pushi/real 1073741824, 4082; load=65536.0
    %div/wr;
    %store/real v0x6452e11d1830_0;
    %vpi_call 2 179 "$display", "time=%0t ns | tooth=%0d | elapsed=%0d | raw=%0d | angle=%0.3f deg", $time, v0x6452e11d1e80_0, v0x6452e11d1db0_0, v0x6452e11d1b70_0, v0x6452e11d1830_0 {0 0 0};
T_4.0 ;
    %jmp T_4;
    .thread T_4;
# The file index is used to find the file name in the following table.
:file_names 4;
    "N/A";
    "<interactive>";
    "project/sim/testbenches/tb_angle_interpolator_realtime.v";
    "project/rtl/crankshaft/angle_interpolator.v";
